warning: Git tree '/home/yhtq/学习/Lean/DefinitionInProgram' is dirty
evaluating flake...
checking flake output 'templates'...
checking template 'templates.default'...
checking flake output 'packages'...
checking derivation packages.x86_64-linux.default...
derivation evaluated to /nix/store/67qx2726155s79q19pw2rw6hqs7a2qwp-DefintionInProgram-0.1.0.drv
checking derivation packages.x86_64-linux.lean4...
derivation evaluated to /nix/store/nz2hshkd379sxizsjjk4miba2a7mf55f-lean4-4.34.1.drv
checking derivation packages.x86_64-linux.proofwidgetsNpmDeps...
derivation evaluated to /nix/store/kfv4z385k6qdjsn6s05907v497rvm6zx-lean4-proofwidgets-npm-deps.drv
checking derivation packages.x86_64-linux.mathlib...
derivation evaluated to /nix/store/q1cr7624raaw4qczm4ykzkzr83svjygj-lean4-mathlib-4.34.1.drv
checking derivation packages.x86_64-linux.mathlibDeps...
derivation evaluated to /nix/store/5z4xzrxbyvn2kb11z2qjqvmgjf2kyvlg-lean4-mathlib-deps.drv
checking flake output 'apps'...
checking app 'apps.x86_64-linux.updateLeanToolchain'...
warning: app 'apps.x86_64-linux.updateLeanToolchain' lacks attribute 'meta.description'
checking app 'apps.x86_64-linux.mountLakeDeps'...
warning: app 'apps.x86_64-linux.mountLakeDeps' lacks attribute 'meta.description'
checking app 'apps.x86_64-linux.unmountLakeDeps'...
warning: app 'apps.x86_64-linux.unmountLakeDeps' lacks attribute 'meta.description'
checking flake output 'devShells'...
checking derivation devShells.x86_64-linux.default...
derivation evaluated to /nix/store/ir19664zwms8lamycrd334rlb8zi4pf2-nix-shell.drv
checking flake output 'checks'...
checking flake output 'formatter'...
checking flake output 'legacyPackages'...
checking flake output 'nixosConfigurations'...
checking flake output 'nixosModules'...
checking flake output 'overlays'...
all checks passed!
warning: The check omitted these incompatible systems: aarch64-darwin, aarch64-linux, x86_64-darwin
Use '--all-systems' to check all.
warning: Git tree '/home/yhtq/学习/Lean/DefinitionInProgram' is dirty
these 16 derivations will be built:
  /nix/store/v998rgwmh6xb3c4rjq4k2ydcz2f7bm7a-lean4-4.34.1.drv
  /nix/store/nz2hshkd379sxizsjjk4miba2a7mf55f-lean4-4.34.1.drv
  /nix/store/0fnlvnbkjl3xca3mm3fvkdq3i390ydih-lean4-cli-4.34.1.drv
  /nix/store/5ns8m9ffx1lxihsazva81a9phdjn8d6x-lean4-plausible-4.34.1.drv
  /nix/store/id8dfkvjfnn3n16d4m7sjf6s0l9l81gb-lean4-batteries-4.34.1.drv
  /nix/store/p49nbj4qm3yj71z91cxx0v3rnsfvz67a-lean4-Qq-4.34.1.drv
  /nix/store/jkq72kw8jnp064wxwvjb2z9manzz9cqi-lake-overrides.json.drv
  /nix/store/q74ndsddkk3r7vckwdf4w68s6kx7j8ry-lean4-importGraph-4.34.1.drv
  /nix/store/rczr0m4lzp8lljlv27xsrxk1i878mpry-lean4-LeanSearchClient-4.34.1.drv
  /nix/store/rjz362rpsf26qka8nb8nq6769h8fcv9k-lean4-proofwidgets-4.34.1.drv
  /nix/store/frrg2n4iq9vaqs9yal50rmw69cak4z3w-lake-overrides.json.drv
  /nix/store/zlb6lf0dgcg63pj2pk0prcm6g62ljm1m-lean4-aesop-4.34.1.drv
  /nix/store/znc7h4ngbp6j54m0sv8vr3js1hv5ka5f-lake-overrides.json.drv
  /nix/store/4c5nzi51kwsjjjbk15hwqj02jcnw3ns0-lean4-mathlib-4.34.1.drv
  /nix/store/q1cr7624raaw4qczm4ykzkzr83svjygj-lean4-mathlib-4.34.1.drv
  /nix/store/67qx2726155s79q19pw2rw6hqs7a2qwp-DefintionInProgram-0.1.0.drv
building '/nix/store/v998rgwmh6xb3c4rjq4k2ydcz2f7bm7a-lean4-4.34.1.drv'...
error: interrupted by the user
warning: Git tree '/home/yhtq/学习/Lean/DefinitionInProgram' is dirty
these 16 derivations will be built:
  /nix/store/v998rgwmh6xb3c4rjq4k2ydcz2f7bm7a-lean4-4.34.1.drv
  /nix/store/nz2hshkd379sxizsjjk4miba2a7mf55f-lean4-4.34.1.drv
  /nix/store/0fnlvnbkjl3xca3mm3fvkdq3i390ydih-lean4-cli-4.34.1.drv
  /nix/store/5ns8m9ffx1lxihsazva81a9phdjn8d6x-lean4-plausible-4.34.1.drv
  /nix/store/id8dfkvjfnn3n16d4m7sjf6s0l9l81gb-lean4-batteries-4.34.1.drv
  /nix/store/p49nbj4qm3yj71z91cxx0v3rnsfvz67a-lean4-Qq-4.34.1.drv
  /nix/store/jkq72kw8jnp064wxwvjb2z9manzz9cqi-lake-overrides.json.drv
  /nix/store/q74ndsddkk3r7vckwdf4w68s6kx7j8ry-lean4-importGraph-4.34.1.drv
  /nix/store/rczr0m4lzp8lljlv27xsrxk1i878mpry-lean4-LeanSearchClient-4.34.1.drv
  /nix/store/rjz362rpsf26qka8nb8nq6769h8fcv9k-lean4-proofwidgets-4.34.1.drv
  /nix/store/frrg2n4iq9vaqs9yal50rmw69cak4z3w-lake-overrides.json.drv
  /nix/store/zlb6lf0dgcg63pj2pk0prcm6g62ljm1m-lean4-aesop-4.34.1.drv
  /nix/store/znc7h4ngbp6j54m0sv8vr3js1hv5ka5f-lake-overrides.json.drv
  /nix/store/4c5nzi51kwsjjjbk15hwqj02jcnw3ns0-lean4-mathlib-4.34.1.drv
  /nix/store/q1cr7624raaw4qczm4ykzkzr83svjygj-lean4-mathlib-4.34.1.drv
  /nix/store/67qx2726155s79q19pw2rw6hqs7a2qwp-DefintionInProgram-0.1.0.drv
building '/nix/store/67qx2726155s79q19pw2rw6hqs7a2qwp-DefintionInProgram-0.1.0.drv'...
error: Cannot build '/nix/store/67qx2726155s79q19pw2rw6hqs7a2qwp-DefintionInProgram-0.1.0.drv'.
       Reason: builder failed with exit code 1.
       Output paths:
         /nix/store/q3bf0v0mxqf09fqvihkchqpf8w8fjj7b-DefintionInProgram-0.1.0
       Last 13 log lines:
       > /nix/store/0yq7k5999d6i6srgzkam5l87ab3krc4b-source/Main.lean:1:0: error: unknown module prefix 'DefintionInProgram'
       >
       > No directory 'DefintionInProgram' or file 'DefintionInProgram.olean' in the search path entries:
       > /nix/store/azbqfscf3crax7z1n29ybhp789m2jxb9-lean4-mathlib-4.34.1/.lake/build/lib/lean
       > /nix/store/17yz5hxb9ih3kycm656ppbwr91alrc16-lean4-batteries-4.34.1/.lake/build/lib/lean
       > /nix/store/zykn3532h3n7jkd8xf0gl2ydyqb534m5-lean4-aesop-4.34.1/.lake/build/lib/lean
       > /nix/store/3snhziiss5n7fajgzh2sqnkp9d9wnmgm-lean4-Qq-4.34.1/.lake/build/lib/lean
       > /nix/store/5fkkbfhl8kflgfwl4va642pv35i70lwn-lean4-proofwidgets-4.34.1/.lake/build/lib/lean
       > /nix/store/z3d51cz37zy6aqj600sc1yhs1ddxljbx-lean4-plausible-4.34.1/.lake/build/lib/lean
       > /nix/store/xklabcr9dqh9rc3szykrjf47szw27ckb-lean4-LeanSearchClient-4.34.1/.lake/build/lib/lean
       > /nix/store/2ffhabwxbzz1ssq769zjxds4m4ravkfv-lean4-importGraph-4.34.1/.lake/build/lib/lean
       > /nix/store/234pqqybj6z6mb1nnj23jz322bdfz418-lean4-cli-4.34.1/.lake/build/lib/lean
       > /nix/store/5wddw4vai5ghr5y87g0rblczz7xm6lby-lean4-4.34.1/lib/lean
       For full logs, run:
         nix log /nix/store/67qx2726155s79q19pw2rw6hqs7a2qwp-DefintionInProgram-0.1.0.drv
